  Wed Sep  5 2012 11:07                                                                                                  Page    1







               2500 A.D. Z80 Macro Assembler  -  Version 4.05a
               -----------------------------------------------

                       Input  Filename : PIO.asm
                       Output Filename : PIO.obj


    1                         	;自由課題PIO割り込みルーチン部
    2                         	;
    3                         	;
    4                         	;----------EXTERN----------
    5                         		.EXTERN	LED
    6                         		.EXTERN	PADR
    7                         		.EXTERN	PACR
    8                         		.EXTERN	PBDR
    9                         		.EXTERN	PBCR
   10                         		.EXTERN	SPEED
   11                         		.EXTERN	BAT
   12                         		.EXTERN	OUTMSG1
   13                         		.EXTERN	OUTMSG3
   14                         	;
   15                         	;----------GLOBAL----------
   16                         		.GLOBAL	IPIO
   17                         		.GLOBAL	PAINT
   18                         	;
   19                         	;----------PIO割り込みルーチン----------
   20  8400                   		ORG	8400H
   21                         	;
   22  8400   F5              	PAINT:	PUSH	AF
   23  8401   C5              		PUSH	BC
   24  8402   D5              		PUSH	DE
   25  8403   F3              		DI			;割り込み禁止
   26                         	;
   27  8404   3A 00 00        		LD	A,(BAT)
   28  8407   FE 04           		CP	4		;バッテリーの値が3以下か判定、(BAT)<4ならCフラグが立つ
   29  8409   D2 11 84        		JP	NC,LED0		;バッテリーの値が9~4の場合LEDを全て消灯
   30  840C   3E 01           	LED1:	LD	A,01H		;バッテリーの値が3~0の場合LSBのLEDのみ点灯
   31  840E   C3 13 84        		JP	LEDOUT1
   32  8411   3E 00           	LED0:	LD	A,00H
   33  8413   D3 00           	LEDOUT1:OUT	(LED),A
   34                         	;
   35  8415   CD 00 00        	MSGDISP:CALL	OUTMSG3		;メッセージ出力
   36  8418   06 64           		LD	B,100		;2000[msec]=2[sec]
   37  841A   0E 0F           		LD	C,0FH		;ブザーを約2秒間鳴らす
   38  841C   CD 00 02        		CALL	0200H		;システムコール
   39                         	;
   40  841F   DB 00           	PIOLOOP:IN	A,(PADR)	;SW0が"L"になるまで
   41  8421   CB 47           		BIT	0,A		;無限ループ
   42  8423   C2 1F 84        		JP	NZ,PIOLOOP	;
   43                         	;
   44  8426   3E 00           		LD	A,00H
   45  8428   32 00 00        		LD	(SPEED),A	;SPEEDの値を00Hに初期化
   46  842B   0E 08           	LEDOUT2:LD	C,08H		;ルーチン実行時に
   47  842D   CD 00 02        		CALL	0200H		;LCD画面をクリア
  Wed Sep  5 2012 11:07                                                                                                  Page    2




   48  8430   CD 00 00        		CALL	OUTMSG1
   49  8433   3A 00 00        		LD	A,(BAT)
   50  8436   0E 04           		LD	C,04H
   51  8438   CD 00 02        		CALL	0200H
   52  843B   D1              		POP	DE
   53  843C   C1              		POP	BC
   54  843D   F1              		POP	AF
   55  843E   FB              		EI
   56  843F   ED 4D           		RETI
   57                         	;
   58                         	;----------PIO設定初期化ルーチン----------
   59  8441   3E CF           	IPIO:	LD	A,11001111B	;@PA:Mode3(bit-mode)
   60  8443   D3 00           		OUT	(PACR),A
   61  8445   3E FF           		LD	A,11111111B	;@PA:All bit input
   62  8447   D3 00           		OUT	(PACR),A
   63  8449   3E B7           		LD	A,10110111B	;@PA:Interrupt ON,OR cul,Active "H"
   64  844B   D3 00           		OUT	(PACR),A
   65  844D   3E FE           		LD	A,11111110B	;@PA:0bit & 1bit Interrupt ON
   66  844F   D3 00           		OUT	(PACR),A
   67  8451   3E 08           		LD	A,08H
   68  8453   D3 00           		OUT	(PACR),A
   69  8455   C9              		RET
   70                         	;
   71                         	;
   72  8456                   	END
   73                         	



           Lines Assembled :  73             Assembly Errors :  0


